[demos.ui-lib.com/gull/html/layout1/datatables.html]
[backblue.gif]
[fade.gif]
[index.html]
[demos.ui-lib.com/gull/dist-assets/css/themes/lite-purple.min.css]
[demos.ui-lib.com/gull/dist-assets/css/plugins/perfect-scrollbar.min.css]
[demos.ui-lib.com/gull/dist-assets/css/plugins/datatables.min.css]
[demos.ui-lib.com/gull/dist-assets/images/logo.png]
[demos.ui-lib.com/gull/html/layout1/accordion.html]
[demos.ui-lib.com/gull/html/layout1/alerts.html]
[demos.ui-lib.com/gull/html/layout1/buttons.html]
[demos.ui-lib.com/gull/html/layout1/badges.html]
[demos.ui-lib.com/gull/html/layout1/carousel.html]
[demos.ui-lib.com/gull/html/layout1/lists.html]
[demos.ui-lib.com/gull/html/layout1/popover.html]
[demos.ui-lib.com/gull/html/layout1/tables.html]
[demos.ui-lib.com/gull/html/layout1/modals.html]
[demos.ui-lib.com/gull/html/layout1/nouislider.html]
[demos.ui-lib.com/gull/html/layout1/tabs.html]
[demos.ui-lib.com/gull/dist-assets/images/faces/1.jpg]
[demos.ui-lib.com/gull/html/layout1/signin.html]
[demos.ui-lib.com/gull/html/layout1/dashboard1.html]
[demos.ui-lib.com/gull/html/layout1/dashboard2.html]
[demos.ui-lib.com/gull/html/layout1/dashboard3.html]
[demos.ui-lib.com/gull/html/layout1/dashboard4.html]
[demos.ui-lib.com/gull/html/layout1/form.basic.html]
[demos.ui-lib.com/gull/html/layout1/form.layouts.html]
[demos.ui-lib.com/gull/html/layout1/form.input.group.html]
[demos.ui-lib.com/gull/html/layout1/form.validation.html]
[demos.ui-lib.com/gull/html/layout1/smart.wizard.html]
[demos.ui-lib.com/gull/html/layout1/tag.input.html]
[demos.ui-lib.com/gull/html/layout1/editor.html]
[demos.ui-lib.com/gull/html/layout1/invoice.html]
[demos.ui-lib.com/gull/html/layout1/inbox.html]
[demos.ui-lib.com/gull/html/layout1/chat.html]
[demos.ui-lib.com/gull/html/layout1/widget-card.html]
[demos.ui-lib.com/gull/html/layout1/widget-statistics.html]
[demos.ui-lib.com/gull/html/layout1/widget-list.html]
[demos.ui-lib.com/gull/html/layout1/widget-app.html]
[demos.ui-lib.com/gull/html/layout1/weather-card.html]
[demos.ui-lib.com/gull/html/layout1/charts.echarts.html]
[demos.ui-lib.com/gull/html/layout1/charts.chartsjs.html]
[demos.ui-lib.com/gull/html/layout1/charts.apexAreaCharts.html]
[demos.ui-lib.com/gull/html/layout1/charts.apexBarCharts.html]
[demos.ui-lib.com/gull/html/layout1/charts.apexBubbleCharts.html]
[demos.ui-lib.com/gull/html/layout1/charts.apexColumnCharts.html]
[demos.ui-lib.com/gull/html/layout1/charts.apexCandleStickCharts.html]
[demos.ui-lib.com/gull/html/layout1/charts.apexLineCharts.html]
[demos.ui-lib.com/gull/html/layout1/charts.apexMixCharts.html]
[demos.ui-lib.com/gull/html/layout1/charts.apexPieDonutCharts.html]
[demos.ui-lib.com/gull/html/layout1/charts.apexRadarCharts.html]
[demos.ui-lib.com/gull/html/layout1/charts.apexRadialBarCharts.html]
[demos.ui-lib.com/gull/html/layout1/charts.apexScatterCharts.html]
[demos.ui-lib.com/gull/html/layout1/charts.apexSparklineCharts.html]
[demos.ui-lib.com/gull/html/layout1/image.cropper.html]
[demos.ui-lib.com/gull/html/layout1/loaders.html]
[demos.ui-lib.com/gull/html/layout1/ladda.button.html]
[demos.ui-lib.com/gull/html/layout1/toastr.html]
[demos.ui-lib.com/gull/html/layout1/sweet.alerts.html]
[demos.ui-lib.com/gull/html/layout1/tour.html]
[demos.ui-lib.com/gull/html/layout1/upload.html]
[demos.ui-lib.com/gull/html/layout1/cards.html]
[demos.ui-lib.com/gull/html/layout1/card.metrics.html]
[demos.ui-lib.com/gull/html/layout1/pagination.html]
[demos.ui-lib.com/gull/html/layout1/progressbar.html]
[demos.ui-lib.com/gull/html/layout1/tooltip.html]
[demos.ui-lib.com/gull/html/layout1/user.profile.html]
[demos.ui-lib.com/gull/html/layout1/blank.html]
[demos.ui-lib.com/gull/dist-assets/images/products/headphone-1.jpg]
[demos.ui-lib.com/gull/dist-assets/images/products/headphone-2.jpg]
[demos.ui-lib.com/gull/dist-assets/images/products/headphone-3.jpg]
[demos.ui-lib.com/gull/dist-assets/images/products/headphone-4.jpg]
[demos.ui-lib.com/gull/dist-assets/js/scripts/script.min.js]
[demos.ui-lib.com/gull/dist-assets/js/plugins/perfect-scrollbar.min.js]
[demos.ui-lib.com/gull/dist-assets/js/scripts/sidebar.large.script.min.js]
[demos.ui-lib.com/gull/dist-assets/js/scripts/datatables.script.min.js]
[demos.ui-lib.com/gull/html/layout1/datatables.html]
[demos.ui-lib.com/gull/dist-assets/js/plugins/bootstrap.bundle.min.js]
[demos.ui-lib.com/gull/dist-assets/fonts/iconsmind/iconsmind.css]
[demos.ui-lib.com/gull/dist-assets/dist-assets/images/page-bg-bottom.png]
[demos.ui-lib.com/gull/dist-assets/js/plugins/jquery-3.3.1.min.js]
[ui-lib.com/wp-content/uploads/2019/04/bg-1.png]
[demos.ui-lib.com/images/products/watch-2.jpg]
[demos.ui-lib.com/gull/dist-assets/images/products/weather-2.jpg]
[demos.ui-lib.com/gull/dist-assets/css/themes/lite-purple.min.css]
[demos.ui-lib.com/gull/dist-assets/css/plugins/perfect-scrollbar.min.css]
[demos.ui-lib.com/gull/dist-assets/css/plugins/datatables.min.css]
[demos.ui-lib.com/gull/html/layout1/accordion.html]
[demos.ui-lib.com/gull/html/layout1/alerts.html]
[demos.ui-lib.com/gull/html/layout1/buttons.html]
[demos.ui-lib.com/gull/html/layout1/badges.html]
[demos.ui-lib.com/gull/dist-assets/images/products/iphone-1.jpg]
[demos.ui-lib.com/gull/html/layout1/carousel.html]
[demos.ui-lib.com/gull/html/layout1/href.52.delayed]
[demos.ui-lib.com/gull/html/layout1/lists.html]
[demos.ui-lib.com/gull/html/layout1/popover.html]
[demos.ui-lib.com/gull/html/layout1/tables.html]
[demos.ui-lib.com/gull/html/layout1/modals.html]
[demos.ui-lib.com/gull/dist-assets/css/plugins/nuslider.min.css]
[demos.ui-lib.com/gull/dist-assets/js/plugins/nuslider.min.js]
[demos.ui-lib.com/gull/dist-assets/js/scripts/nuslider.script.min.js]
[demos.ui-lib.com/gull/html/layout1/nouislider.html]
[demos.ui-lib.com/gull/html/layout1/tabs.html]
[demos.ui-lib.com/gull/html/layout1/signin.html]
[demos.ui-lib.com/gull/dist-assets/js/scripts/echart.options.min.js]
[demos.ui-lib.com/gull/html/layout1/dashboard1.html]
[demos.ui-lib.com/gull/dist-assets/js/scripts/dashboard.v1.script.min.js]
[demos.ui-lib.com/gull/dist-assets/images/faces/2.jpg]
[demos.ui-lib.com/gull/dist-assets/images/faces/3.jpg]
[demos.ui-lib.com/gull/dist-assets/images/faces/4.jpg]
[demos.ui-lib.com/gull/dist-assets/images/faces/5.jpg]
[demos.ui-lib.com/gull/dist-assets/images/products/speaker-1.jpg]
[demos.ui-lib.com/gull/dist-assets/images/products/watch-1.jpg]
[demos.ui-lib.com/gull/dist-assets/js/scripts/dashboard.v2.script.min.js]
[demos.ui-lib.com/gull/html/layout1/dashboard2.html]
[demos.ui-lib.com/gull/dist-assets/images/faces/16.jpg]
[demos.ui-lib.com/gull/dist-assets/images/photo-wide-1.jpg]
[demos.ui-lib.com/gull/dist-assets/js/plugins/echarts.min.js]
[demos.ui-lib.com/gull/dist-assets/images/photo-wide-2.jpg]
[demos.ui-lib.com/gull/dist-assets/images/master-card.png]
[demos.ui-lib.com/gull/dist-assets/images/visa.png]
[demos.ui-lib.com/gull/dist-assets/images/paypal.png]
[demos.ui-lib.com/gull/dist-assets/js/scripts/dashboard.v3.script.min.js]
[demos.ui-lib.com/gull/dist-assets/js/scripts/apexcharts.min.js]
[demos.ui-lib.com/gull/dist-assets/js/scripts/card.metrics.script.min.js]
[demos.ui-lib.com/gull/dist-assets/js/scripts/widgets-statistics.min.js]
[demos.ui-lib.com/gull/dist-assets/js/scripts/apexColumnChart.script.min.js]
[demos.ui-lib.com/gull/html/layout1/dashboard3.html]
[demos.ui-lib.com/gull/dist-assets/images/faces/10.jpg]
[demos.ui-lib.com/gull/dist-assets/images/faces/12.jpg]
[demos.ui-lib.com/gull/dist-assets/images/faces/13.jpg]
[demos.ui-lib.com/gull/dist-assets/images/faces/15.jpg]
[demos.ui-lib.com/gull/dist-assets/images/faces/17.jpg]
[demos.ui-lib.com/gull/dist-assets/js/plugins/apexcharts.min.js]
[demos.ui-lib.com/gull/dist-assets/images/faces/9.jpg]
[demos.ui-lib.com/gull/dist-assets/js/scripts/dashboard.v4.script.min.js]
[demos.ui-lib.com/gull/html/layout1/dashboard4.html]
[demos.ui-lib.com/gull/html/layout1/form.basic.html]
[demos.ui-lib.com/gull/html/layout1/form.layouts.html]
[demos.ui-lib.com/gull/html/layout1/form.input.group.html]
[demos.ui-lib.com/gull/dist-assets/js/scripts/apexSparklineChart.script.min.js]
[demos.ui-lib.com/gull/html/layout1/form.validation.html]
[demos.ui-lib.com/gull/dist-assets/js/scripts/form.validation.script.min.js]
[demos.ui-lib.com/gull/dist-assets/css/plugins/smart.wizard/smart_wizard.min.css]
[demos.ui-lib.com/gull/dist-assets/css/plugins/smart.wizard/smart_wizard_theme_arrows.min.css]
[demos.ui-lib.com/gull/dist-assets/css/plugins/smart.wizard/smart_wizard_theme_circles.min.css]
[demos.ui-lib.com/gull/dist-assets/css/plugins/smart.wizard/smart_wizard_theme_dots.min.css]
[demos.ui-lib.com/gull/dist-assets/js/plugins/jquery.smartWizard.min.js]
[demos.ui-lib.com/gull/dist-assets/js/scripts/smart.wizard.script.min.js]
[demos.ui-lib.com/gull/html/layout1/smart.wizard.html]
[demos.ui-lib.com/gull/dist-assets/js/plugins/tagging.min.js]
[demos.ui-lib.com/gull/dist-assets/js/scripts/tagging.script.min.js]
[demos.ui-lib.com/gull/html/layout1/tag.input.html]
[cdnjs.cloudflare.com/ajax/libs/highlight.js/9.12.0/styles/monokai-sublime.min.css]
[demos.ui-lib.com/gull/dist-assets/css/plugins/quill.bubble.min.css]
[demos.ui-lib.com/gull/dist-assets/css/plugins/quill.snow.min.css]
[cdnjs.cloudflare.com/ajax/libs/highlight.js/9.12.0/highlight.min.js]
[demos.ui-lib.com/gull/html/layout1/editor.html]
[demos.ui-lib.com/gull/html/layout1/invoice.html]
[demos.ui-lib.com/gull/dist-assets/js/scripts/quill.script.min.js]
[demos.ui-lib.com/gull/html/layout1/inbox.html]
[demos.ui-lib.com/gull/dist-assets/js/scripts/sidebar.script.min.js]
[demos.ui-lib.com/gull/html/layout1/chat.html]
[demos.ui-lib.com/gull/dist-assets/images/photo-long-1.jpg]
[demos.ui-lib.com/gull/dist-assets/images/photo-long-2.jpg]
[demos.ui-lib.com/gull/html/layout1/widget-card.html]
[demos.ui-lib.com/gull/html/layout1/widget-statistics.html]
[demos.ui-lib.com/gull/html/layout1/widget-list.html]
[demos.ui-lib.com/gull/html/layout1/widget-app.html]
[demos.ui-lib.com/gull/dist-assets/images/products/weather.jpg]
[demos.ui-lib.com/gull/dist-assets/js/plugins/quill.min.js]
[demos.ui-lib.com/gull/html/layout1/weather-card.html]
[demos.ui-lib.com/gull/dist-assets/js/scripts/echarts.script.min.js]
[demos.ui-lib.com/gull/html/layout1/charts.echarts.html]
[cdnjs.cloudflare.com/ajax/libs/Chart.js/2.4.0/Chart.min.js]
[demos.ui-lib.com/gull/dist-assets/js/scripts/chartjs.script.min.js]
[demos.ui-lib.com/gull/html/layout1/charts.chartsjs.html]
[demos.ui-lib.com/gull/dist-assets/js/plugins/apexcharts.dataseries.js]
[demos.ui-lib.com/gull/dist-assets/js/scripts/apexAreaChart.script.min.js]
[demos.ui-lib.com/gull/html/layout1/charts.apexAreaCharts.html]
[demos.ui-lib.com/gull/dist-assets/css/plugins/apexcharts.min.css]
[demos.ui-lib.com/gull/html/layout1/charts.apexBarCharts.html]
[demos.ui-lib.com/gull/dist-assets/js/scripts/apexBarChart.script.min.js]
[demos.ui-lib.com/gull/dist-assets/js/scripts/apexBubbleCHart.script.min.js]
[demos.ui-lib.com/gull/html/layout1/charts.apexBubbleCharts.html]
[demos.ui-lib.com/gull/html/layout1/charts.apexColumnCharts.html]
[demos.ui-lib.com/gull/dist-assets/js/scripts/apexCandleStickChart.script.min.js]
[demos.ui-lib.com/gull/html/layout1/charts.apexCandleStickCharts.html]
[demos.ui-lib.com/gull/dist-assets/js/plugins/apexcharts.dataseries.min.js]
[demos.ui-lib.com/gull/dist-assets/js/scripts/apexChart.script.min.js]
[demos.ui-lib.com/gull/html/layout1/charts.apexLineCharts.html]
[demos.ui-lib.com/gull/dist-assets/js/scripts/apexMixChart.script.min.js]
[demos.ui-lib.com/gull/html/layout1/charts.apexMixCharts.html]
[demos.ui-lib.com/gull/dist-assets/js/scripts/apexPieDonutChart.script.min.js]
[demos.ui-lib.com/gull/html/layout1/charts.apexPieDonutCharts.html]
[demos.ui-lib.com/gull/dist-assets/js/scripts/apexRadarChart.script.min.js]
[demos.ui-lib.com/gull/html/layout1/charts.apexRadarCharts.html]
[demos.ui-lib.com/gull/dist-assets/js/scripts/apexRadialbarChart.script.min.js]
[demos.ui-lib.com/gull/html/layout1/charts.apexRadialBarCharts.html]
[demos.ui-lib.com/gull/html/layout1/charts.apexScatterCharts.html]
[demos.ui-lib.com/gull/html/layout1/charts.apexSparklineCharts.html]
[demos.ui-lib.com/gull/dist-assets/js/scripts/apexScatterChart.script.min.js]
[demos.ui-lib.com/gull/dist-assets/css/plugins/cropper.min.css]
[demos.ui-lib.com/gull/html/layout1/image.cropper.html]
[demos.ui-lib.com/gull/dist-assets/js/scripts/cropper.script.min.js]
[demos.ui-lib.com/gull/html/layout1/loaders.html]
[demos.ui-lib.com/gull/dist-assets/css/plugins/ladda-themeless.min.css]
[demos.ui-lib.com/gull/dist-assets/js/plugins/cropper.min.js]
[demos.ui-lib.com/gull/dist-assets/js/plugins/spin.min.js]
[demos.ui-lib.com/gull/dist-assets/js/plugins/ladda.min.js]
[demos.ui-lib.com/gull/html/layout1/ladda.button.html]
[demos.ui-lib.com/gull/dist-assets/js/scripts/ladda.script.min.js]
[demos.ui-lib.com/gull/dist-assets/css/plugins/toastr.css]
[demos.ui-lib.com/gull/html/layout1/toastr.html]
[demos.ui-lib.com/gull/dist-assets/js/plugins/toastr.min.js]
[demos.ui-lib.com/gull/dist-assets/js/scripts/toastr.script.min.js]
[demos.ui-lib.com/gull/dist-assets/css/plugins/sweetalert2.min.css]
[demos.ui-lib.com/gull/html/layout1/sweet.alerts.html]
[demos.ui-lib.com/gull/dist-assets/js/scripts/sweetalert.script.min.js]
[demos.ui-lib.com/gull/dist-assets/css/plugins/hopscotch.css]
[demos.ui-lib.com/gull/dist-assets/js/plugins/sweetalert2.min.js]
[demos.ui-lib.com/gull/dist-assets/js/plugins/hopscotch.min.js]
[demos.ui-lib.com/gull/dist-assets/js/scripts/hopscotch.script.min.js]
[demos.ui-lib.com/gull/html/layout1/tour.html]
[demos.ui-lib.com/gull/dist-assets/css/plugins/dropzone.min.css]
[demos.ui-lib.com/gull/dist-assets/js/plugins/dropzone.min.js]
[demos.ui-lib.com/gull/dist-assets/js/scripts/dropzone.script.min.js]
[demos.ui-lib.com/gull/html/layout1/upload.html]
[demos.ui-lib.com/gull/dist-assets/images/photo-wide-3.jpg]
[demos.ui-lib.com/gull/html/layout1/cards.html]
[demos.ui-lib.com/gull/html/layout1/card.metrics.html]
[demos.ui-lib.com/gull/html/layout1/pagination.html]
[demos.ui-lib.com/gull/html/layout1/progressbar.html]
[demos.ui-lib.com/gull/dist-assets/js/scripts/tooltip.script.min.js]
[demos.ui-lib.com/gull/html/layout1/tooltip.html]
[demos.ui-lib.com/gull/dist-assets/images/photo-wide-4.jpg]
[demos.ui-lib.com/gull/dist-assets/images/products/iphone-2.jpg]
[demos.ui-lib.com/gull/html/layout1/user.profile.html]
[demos.ui-lib.com/gull/html/layout1/blank.html]
[demos.ui-lib.com/gull/dist-assets/fonts/iconsmind/iconsmind4906.eot]
[demos.ui-lib.com/gull/dist-assets/fonts/iconsmind/iconsmind4906.woff]
[demos.ui-lib.com/gull/dist-assets/fonts/iconsmind/iconsmind4906.ttf]
[demos.ui-lib.com/gull/dist-assets/fonts/iconsmind/iconsmind.css]
[demos.ui-lib.com/gull/dist-assets/dist-assets/images/page-bg-bottom.html]
[demos.ui-lib.com/images/products/watch-2.html]
[demos.ui-lib.com/gull/html/layout1/href.html]
[demos.ui-lib.com/gull/dist-assets/css/plugins/nuslider.min.css]
[demos.ui-lib.com/gull/dist-assets/css/plugins/smart.wizard/smart_wizard.min.css]
[demos.ui-lib.com/gull/dist-assets/css/plugins/smart.wizard/smart_wizard_theme_arrows.min.css]
[demos.ui-lib.com/gull/dist-assets/css/plugins/smart.wizard/smart_wizard_theme_circles.min.css]
[demos.ui-lib.com/gull/dist-assets/css/plugins/smart.wizard/smart_wizard_theme_dots.min.css]
[cdnjs.cloudflare.com/ajax/libs/highlight.js/9.12.0/styles/monokai-sublime.min.css]
[demos.ui-lib.com/gull/dist-assets/css/plugins/quill.bubble.min.css]
[demos.ui-lib.com/gull/dist-assets/css/plugins/quill.snow.min.css]
[demos.ui-lib.com/gull/dist-assets/css/plugins/apexcharts.min.css]
[demos.ui-lib.com/gull/dist-assets/js/scripts/apexBubbleCHart.script.min.html]
[demos.ui-lib.com/gull/dist-assets/js/scripts/apexRadialbarChart.script.min.html]
[demos.ui-lib.com/gull/dist-assets/css/plugins/cropper.min.css]
[demos.ui-lib.com/gull/dist-assets/css/plugins/ladda-themeless.min.css]
[demos.ui-lib.com/gull/dist-assets/css/plugins/toastr.css]
[demos.ui-lib.com/gull/dist-assets/css/plugins/sweetalert2.min.css]
[demos.ui-lib.com/gull/dist-assets/css/img/tour/cross.b2.delayed]
[demos.ui-lib.com/gull/dist-assets/css/plugins/hopscotch.css]
[demos.ui-lib.com/gull/dist-assets/css/plugins/dropzone.min.css]
[demos.ui-lib.com/gull/dist-assets/js/plugins/datatables.min.js]
[demos.ui-lib.com/gull/dist-assets/css/img/tour/cross.html]
[demos.ui-lib.com/gull/dist-assets/fonts/iconsmind/iconsmind4906.svg]
[demos.ui-lib.com/gull/dist-assets/fonts/iconsmind/iconsmind4906.svg]
